// Vitest Snapshot v1, https://vitest.dev/guide/snapshot.html

exports[`CitationsSidebar > matches snapshot with sources and suggestions 1`] = `
<div
  class="w-80 bg-white border border-gray-200 rounded-lg shadow-lg"
  data-testid="citations-sidebar"
>
  <div
    class="flex items-center justify-between p-4 border-b border-gray-200"
  >
    <div
      class="flex items-center space-x-2"
    >
      <svg
        class="lucide lucide-book-open h-5 w-5 text-gray-600"
        fill="none"
        height="24"
        stroke="currentColor"
        stroke-linecap="round"
        stroke-linejoin="round"
        stroke-width="2"
        viewBox="0 0 24 24"
        width="24"
        xmlns="http://www.w3.org/2000/svg"
      >
        <path
          d="M2 3h6a4 4 0 0 1 4 4v14a3 3 0 0 0-3-3H2z"
        />
        <path
          d="M22 3h-6a4 4 0 0 0-4 4v14a3 3 0 0 1 3-3h7z"
        />
      </svg>
      <h3
        class="text-lg font-semibold text-gray-900"
      >
        Sources & Citations
      </h3>
    </div>
    <button
      aria-label="Close citations sidebar"
      class="p-1 hover:bg-gray-100 rounded-md transition-colors"
    >
      <svg
        class="lucide lucide-x h-4 w-4 text-gray-500"
        fill="none"
        height="24"
        stroke="currentColor"
        stroke-linecap="round"
        stroke-linejoin="round"
        stroke-width="2"
        viewBox="0 0 24 24"
        width="24"
        xmlns="http://www.w3.org/2000/svg"
      >
        <path
          d="M18 6 6 18"
        />
        <path
          d="m6 6 12 12"
        />
      </svg>
    </button>
  </div>
  <div
    class="p-4 space-y-6 max-h-[calc(100vh-200px)] overflow-y-auto"
  >
    <div
      data-testid="citations-sources"
    >
      <h4
        class="text-sm font-medium text-gray-900 mb-3"
      >
        Sources Used
      </h4>
      <div
        class="space-y-3"
      >
        <div
          class="border border-gray-200 rounded-lg p-3 hover:bg-gray-50 transition-colors"
        >
          <div
            class="flex items-start justify-between mb-2"
          >
            <span
              class="inline-flex items-center px-2 py-1 rounded-full text-xs font-medium bg-success-100 text-success-800"
            >
              Canonical Solution
            </span>
            <span
              class="text-xs text-gray-500"
            >
              95
              % match
            </span>
          </div>
          <h5
            class="text-sm font-medium text-gray-900 mb-2 line-clamp-2"
          >
            Derivative Rules
          </h5>
          <p
            class="text-xs text-gray-600 mb-3 line-clamp-3"
          >
            The derivative of x^n is nx^(n-1)
          </p>
          <a
            class="inline-flex items-center text-xs text-primary-600 hover:text-primary-700 transition-colors"
            href="/lessons/source-1"
            rel="noopener noreferrer"
            target="_blank"
          >
            <svg
              class="lucide lucide-external-link h-3 w-3 mr-1"
              fill="none"
              height="24"
              stroke="currentColor"
              stroke-linecap="round"
              stroke-linejoin="round"
              stroke-width="2"
              viewBox="0 0 24 24"
              width="24"
              xmlns="http://www.w3.org/2000/svg"
            >
              <path
                d="M18 13v6a2 2 0 0 1-2 2H5a2 2 0 0 1-2-2V8a2 2 0 0 1 2-2h6"
              />
              <polyline
                points="15 3 21 3 21 9"
              />
              <line
                x1="10"
                x2="21"
                y1="14"
                y2="3"
              />
            </svg>
            View Source
          </a>
        </div>
        <div
          class="border border-gray-200 rounded-lg p-3 hover:bg-gray-50 transition-colors"
        >
          <div
            class="flex items-start justify-between mb-2"
          >
            <span
              class="inline-flex items-center px-2 py-1 rounded-full text-xs font-medium bg-primary-100 text-primary-800"
            >
              Knowledge Base
            </span>
            <span
              class="text-xs text-gray-500"
            >
              87
              % match
            </span>
          </div>
          <h5
            class="text-sm font-medium text-gray-900 mb-2 line-clamp-2"
          >
            Integration Techniques
          </h5>
          <p
            class="text-xs text-gray-600 mb-3 line-clamp-3"
          >
            Integration by parts formula...
          </p>
          <a
            class="inline-flex items-center text-xs text-primary-600 hover:text-primary-700 transition-colors"
            href="/lessons/source-2"
            rel="noopener noreferrer"
            target="_blank"
          >
            <svg
              class="lucide lucide-external-link h-3 w-3 mr-1"
              fill="none"
              height="24"
              stroke="currentColor"
              stroke-linecap="round"
              stroke-linejoin="round"
              stroke-width="2"
              viewBox="0 0 24 24"
              width="24"
              xmlns="http://www.w3.org/2000/svg"
            >
              <path
                d="M18 13v6a2 2 0 0 1-2 2H5a2 2 0 0 1-2-2V8a2 2 0 0 1 2-2h6"
              />
              <polyline
                points="15 3 21 3 21 9"
              />
              <line
                x1="10"
                x2="21"
                y1="14"
                y2="3"
              />
            </svg>
            View Source
          </a>
        </div>
      </div>
    </div>
    <div>
      <h4
        class="text-sm font-medium text-gray-900 mb-3"
      >
        Suggestions
      </h4>
      <div
        class="space-y-2"
      >
        <div
          class="flex items-start space-x-2 p-2 bg-gray-50 rounded-md"
        >
          <div
            class="w-1.5 h-1.5 bg-primary-500 rounded-full mt-2 flex-shrink-0"
          />
          <p
            class="text-sm text-gray-700"
          >
            Try asking about the chain rule
          </p>
        </div>
        <div
          class="flex items-start space-x-2 p-2 bg-gray-50 rounded-md"
        >
          <div
            class="w-1.5 h-1.5 bg-primary-500 rounded-full mt-2 flex-shrink-0"
          />
          <p
            class="text-sm text-gray-700"
          >
            Learn more about definite integrals
          </p>
        </div>
      </div>
    </div>
  </div>
</div>
`;
