// Vitest Snapshot v1, https://vitest.dev/guide/snapshot.html

exports[`TrustMeter > matches snapshot for medium trust 1`] = `
<div
  class="trust-bar"
>
  <div
    aria-label="Trust score: 72%"
    aria-valuemax="100"
    aria-valuemin="0"
    aria-valuenow="72"
    class="trust-fill bg-warning-500"
    role="progressbar"
    style="width: 72%;"
  />
</div>
`;
